2026-06-08 17:22:18,474 | INFO | Operation DataShield — Phase 3: Normalization starting
2026-06-08 17:22:18,475 | INFO | Run timestamp: 2026-06-08 17:22:18
2026-06-08 17:22:18,475 | INFO | Loading raw tables from database...
2026-06-08 17:22:19,510 | INFO |   Vendor A: 8,000 rows
2026-06-08 17:22:19,510 | INFO |   Vendor B: 7,500 rows
2026-06-08 17:22:19,510 | INFO |   Vendor C: 6,000 rows
2026-06-08 17:22:19,511 | INFO | Applying normalization transforms...
2026-06-08 17:22:19,511 | INFO |   Mapping Vendor A schema...
2026-06-08 17:22:19,689 | WARNING |   Unrecognized state value: 'Mic.'
2026-06-08 17:22:19,689 | WARNING |   Unrecognized state value: 'Flo.'
2026-06-08 17:22:19,689 | WARNING |   Unrecognized state value: 'Pen.'
2026-06-08 17:22:19,689 | WARNING |   Unrecognized state value: 'Flo.'
2026-06-08 17:22:19,689 | WARNING |   Unrecognized state value: 'Ohi.'
2026-06-08 17:22:19,689 | WARNING |   Unrecognized state value: 'Ohi.'
2026-06-08 17:22:19,689 | WARNING |   Unrecognized state value: 'New.'
2026-06-08 17:22:19,690 | WARNING |   Unrecognized state value: 'Flo.'
2026-06-08 17:22:19,690 | WARNING |   Unrecognized state value: 'New.'
2026-06-08 17:22:19,690 | WARNING |   Unrecognized state value: 'Mic.'
2026-06-08 17:22:19,690 | WARNING |   Unrecognized state value: 'Pen.'
2026-06-08 17:22:19,690 | WARNING |   Unrecognized state value: 'New.'
2026-06-08 17:22:19,691 | WARNING |   Unrecognized state value: 'Flo.'
2026-06-08 17:22:19,691 | WARNING |   Unrecognized state value: 'New.'
2026-06-08 17:22:19,691 | WARNING |   Unrecognized state value: 'Mic.'
2026-06-08 17:22:19,691 | WARNING |   Unrecognized state value: 'New.'
2026-06-08 17:22:19,691 | WARNING |   Unrecognized state value: 'Pen.'
2026-06-08 17:22:19,691 | WARNING |   Unrecognized state value: 'New.'
2026-06-08 17:22:19,691 | WARNING |   Unrecognized state value: 'Mic.'
2026-06-08 17:22:19,691 | WARNING |   Unrecognized state value: 'New.'
2026-06-08 17:22:19,692 | WARNING |   Unrecognized state value: 'Mic.'
2026-06-08 17:22:19,692 | WARNING |   Unrecognized state value: 'Ohi.'
2026-06-08 17:22:19,692 | WARNING |   Unrecognized state value: 'Ohi.'
2026-06-08 17:22:19,693 | WARNING |   Unrecognized state value: 'Pen.'
2026-06-08 17:22:19,693 | WARNING |   Unrecognized state value: 'Pen.'
2026-06-08 17:22:19,693 | WARNING |   Unrecognized state value: 'Flo.'
2026-06-08 17:22:19,693 | WARNING |   Unrecognized state value: 'Pen.'
2026-06-08 17:22:19,693 | WARNING |   Unrecognized state value: 'Mic.'
2026-06-08 17:22:19,693 | WARNING |   Unrecognized state value: 'Mic.'
2026-06-08 17:22:19,693 | WARNING |   Unrecognized state value: 'Pen.'
2026-06-08 17:22:19,694 | WARNING |   Unrecognized state value: 'New.'
2026-06-08 17:22:19,694 | WARNING |   Unrecognized state value: 'New.'
2026-06-08 17:22:19,694 | WARNING |   Unrecognized state value: 'New.'
2026-06-08 17:22:19,694 | WARNING |   Unrecognized state value: 'New.'
2026-06-08 17:22:19,694 | WARNING |   Unrecognized state value: 'Flo.'
2026-06-08 17:22:19,694 | WARNING |   Unrecognized state value: 'Pen.'
2026-06-08 17:22:19,695 | WARNING |   Unrecognized state value: 'New.'
2026-06-08 17:22:19,695 | WARNING |   Unrecognized state value: 'Flo.'
2026-06-08 17:22:19,695 | WARNING |   Unrecognized state value: 'New.'
2026-06-08 17:22:19,695 | WARNING |   Unrecognized state value: 'Mic.'
2026-06-08 17:22:19,695 | WARNING |   Unrecognized state value: 'Pen.'
2026-06-08 17:22:19,695 | WARNING |   Unrecognized state value: 'Mic.'
2026-06-08 17:22:19,696 | WARNING |   Unrecognized state value: 'Ohi.'
2026-06-08 17:22:19,696 | WARNING |   Unrecognized state value: 'Pen.'
2026-06-08 17:22:19,697 | WARNING |   Unrecognized state value: 'Ohi.'
2026-06-08 17:22:19,697 | WARNING |   Unrecognized state value: 'Ohi.'
2026-06-08 17:22:19,697 | WARNING |   Unrecognized state value: 'Pen.'
2026-06-08 17:22:19,697 | WARNING |   Unrecognized state value: 'Pen.'
2026-06-08 17:22:19,697 | WARNING |   Unrecognized state value: 'Pen.'
2026-06-08 17:22:19,697 | WARNING |   Unrecognized state value: 'Flo.'
2026-06-08 17:22:19,698 | WARNING |   Unrecognized state value: 'Flo.'
2026-06-08 17:22:19,698 | WARNING |   Unrecognized state value: 'Ohi.'
2026-06-08 17:22:19,698 | WARNING |   Unrecognized state value: 'Ohi.'
2026-06-08 17:22:19,698 | WARNING |   Unrecognized state value: 'Flo.'
2026-06-08 17:22:19,699 | WARNING |   Unrecognized state value: 'New.'
2026-06-08 17:22:19,699 | WARNING |   Unrecognized state value: 'Ohi.'
2026-06-08 17:22:19,699 | WARNING |   Unrecognized state value: 'Pen.'
2026-06-08 17:22:19,699 | WARNING |   Unrecognized state value: 'Ohi.'
2026-06-08 17:22:19,702 | WARNING |   Unrecognized state value: 'Pen.'
2026-06-08 17:22:19,703 | WARNING |   Unrecognized state value: 'Flo.'
2026-06-08 17:22:19,703 | WARNING |   Unrecognized state value: 'Mic.'
2026-06-08 17:22:19,704 | WARNING |   Unrecognized state value: 'Ohi.'
2026-06-08 17:22:19,704 | WARNING |   Unrecognized state value: 'Flo.'
2026-06-08 17:22:19,704 | WARNING |   Unrecognized state value: 'New.'
2026-06-08 17:22:19,704 | WARNING |   Unrecognized state value: 'New.'
2026-06-08 17:22:19,704 | WARNING |   Unrecognized state value: 'Mic.'
2026-06-08 17:22:19,705 | WARNING |   Unrecognized state value: 'New.'
2026-06-08 17:22:19,705 | WARNING |   Unrecognized state value: 'New.'
2026-06-08 17:22:19,705 | WARNING |   Unrecognized state value: 'Pen.'
2026-06-08 17:22:19,705 | WARNING |   Unrecognized state value: 'Flo.'
2026-06-08 17:22:19,706 | WARNING |   Unrecognized state value: 'Ohi.'
2026-06-08 17:22:19,706 | WARNING |   Unrecognized state value: 'Pen.'
2026-06-08 17:22:19,708 | WARNING |   Unrecognized state value: 'Flo.'
2026-06-08 17:22:19,709 | WARNING |   Unrecognized state value: 'Flo.'
2026-06-08 17:22:19,709 | WARNING |   Unrecognized state value: 'Ohi.'
2026-06-08 17:22:19,709 | WARNING |   Unrecognized state value: 'Pen.'
2026-06-08 17:22:19,709 | WARNING |   Unrecognized state value: 'New.'
2026-06-08 17:22:19,710 | WARNING |   Unrecognized state value: 'New.'
2026-06-08 17:22:19,711 | WARNING |   Unrecognized state value: 'Ohi.'
2026-06-08 17:22:19,711 | WARNING |   Unrecognized state value: 'Ohi.'
2026-06-08 17:22:19,711 | WARNING |   Unrecognized state value: 'Ohi.'
2026-06-08 17:22:19,711 | WARNING |   Unrecognized state value: 'New.'
2026-06-08 17:22:19,711 | WARNING |   Unrecognized state value: 'Pen.'
2026-06-08 17:22:19,711 | WARNING |   Unrecognized state value: 'New.'
2026-06-08 17:22:19,711 | WARNING |   Unrecognized state value: 'Ohi.'
2026-06-08 17:22:19,712 | WARNING |   Unrecognized state value: 'Pen.'
2026-06-08 17:22:19,712 | WARNING |   Unrecognized state value: 'New.'
2026-06-08 17:22:19,712 | WARNING |   Unrecognized state value: 'Ohi.'
2026-06-08 17:22:19,712 | WARNING |   Unrecognized state value: 'New.'
2026-06-08 17:22:19,712 | WARNING |   Unrecognized state value: 'New.'
2026-06-08 17:22:19,712 | WARNING |   Unrecognized state value: 'Pen.'
2026-06-08 17:22:19,713 | WARNING |   Unrecognized state value: 'New.'
2026-06-08 17:22:19,713 | WARNING |   Unrecognized state value: 'Flo.'
2026-06-08 17:22:19,713 | WARNING |   Unrecognized state value: 'Ohi.'
2026-06-08 17:22:19,713 | WARNING |   Unrecognized state value: 'Pen.'
2026-06-08 17:22:19,713 | WARNING |   Unrecognized state value: 'Ohi.'
2026-06-08 17:22:19,713 | WARNING |   Unrecognized state value: 'Ohi.'
2026-06-08 17:22:19,713 | WARNING |   Unrecognized state value: 'Mic.'
2026-06-08 17:22:19,713 | WARNING |   Unrecognized state value: 'Flo.'
2026-06-08 17:22:19,728 | WARNING |   Unrecognized state value: 'Ohi.'
2026-06-08 17:22:19,728 | WARNING |   Unrecognized state value: 'Ohi.'
2026-06-08 17:22:19,729 | WARNING |   Unrecognized state value: 'Pen.'
2026-06-08 17:22:19,730 | WARNING |   Unrecognized state value: 'Mic.'
2026-06-08 17:22:19,731 | WARNING |   Unrecognized state value: 'Ohi.'
2026-06-08 17:22:19,732 | WARNING |   Unrecognized state value: 'Pen.'
2026-06-08 17:22:19,732 | WARNING |   Unrecognized state value: 'Ohi.'
2026-06-08 17:22:19,733 | WARNING |   Unrecognized state value: 'Ohi.'
2026-06-08 17:22:19,733 | WARNING |   Unrecognized state value: 'New.'
2026-06-08 17:22:19,734 | WARNING |   Unrecognized state value: 'Flo.'
2026-06-08 17:22:19,734 | WARNING |   Unrecognized state value: 'Mic.'
2026-06-08 17:22:19,734 | WARNING |   Unrecognized state value: 'Ohi.'
2026-06-08 17:22:19,734 | WARNING |   Unrecognized state value: 'New.'
2026-06-08 17:22:19,735 | WARNING |   Unrecognized state value: 'Pen.'
2026-06-08 17:22:19,735 | WARNING |   Unrecognized state value: 'Ohi.'
2026-06-08 17:22:19,752 | WARNING |   Unrecognized state value: 'Mic.'
2026-06-08 17:22:19,752 | WARNING |   Unrecognized state value: 'Pen.'
2026-06-08 17:22:19,753 | WARNING |   Unrecognized state value: 'Pen.'
2026-06-08 17:22:19,753 | WARNING |   Unrecognized state value: 'Pen.'
2026-06-08 17:22:19,753 | WARNING |   Unrecognized state value: 'New.'
2026-06-08 17:22:19,753 | WARNING |   Unrecognized state value: 'Mic.'
2026-06-08 17:22:19,753 | WARNING |   Unrecognized state value: 'Mic.'
2026-06-08 17:22:19,754 | WARNING |   Unrecognized state value: 'New.'
2026-06-08 17:22:19,754 | WARNING |   Unrecognized state value: 'New.'
2026-06-08 17:22:19,754 | WARNING |   Unrecognized state value: 'Ohi.'
2026-06-08 17:22:19,754 | WARNING |   Unrecognized state value: 'Pen.'
2026-06-08 17:22:19,755 | WARNING |   Unrecognized state value: 'New.'
2026-06-08 17:22:19,755 | WARNING |   Unrecognized state value: 'Mic.'
2026-06-08 17:22:19,755 | WARNING |   Unrecognized state value: 'Flo.'
2026-06-08 17:22:19,755 | WARNING |   Unrecognized state value: 'Ohi.'
2026-06-08 17:22:19,755 | WARNING |   Unrecognized state value: 'Ohi.'
2026-06-08 17:22:19,755 | WARNING |   Unrecognized state value: 'New.'
2026-06-08 17:22:19,755 | WARNING |   Unrecognized state value: 'Mic.'
2026-06-08 17:22:19,755 | WARNING |   Unrecognized state value: 'Ohi.'
2026-06-08 17:22:19,756 | WARNING |   Unrecognized state value: 'Flo.'
2026-06-08 17:22:19,767 | WARNING |   Unrecognized state value: 'New.'
2026-06-08 17:22:19,768 | WARNING |   Unrecognized state value: 'Pen.'
2026-06-08 17:22:19,768 | WARNING |   Unrecognized state value: 'Ohi.'
2026-06-08 17:22:19,768 | WARNING |   Unrecognized state value: 'Pen.'
2026-06-08 17:22:19,768 | WARNING |   Unrecognized state value: 'Pen.'
2026-06-08 17:22:19,768 | WARNING |   Unrecognized state value: 'Ohi.'
2026-06-08 17:22:19,769 | WARNING |   Unrecognized state value: 'Ohi.'
2026-06-08 17:22:19,769 | WARNING |   Unrecognized state value: 'Ohi.'
2026-06-08 17:22:19,769 | WARNING |   Unrecognized state value: 'Mic.'
2026-06-08 17:22:19,769 | WARNING |   Unrecognized state value: 'New.'
2026-06-08 17:22:19,769 | WARNING |   Unrecognized state value: 'New.'
2026-06-08 17:22:19,769 | WARNING |   Unrecognized state value: 'Ohi.'
2026-06-08 17:22:19,769 | WARNING |   Unrecognized state value: 'Flo.'
2026-06-08 17:22:19,769 | WARNING |   Unrecognized state value: 'Ohi.'
2026-06-08 17:22:19,774 | WARNING |   Unrecognized state value: 'Flo.'
2026-06-08 17:22:19,774 | WARNING |   Unrecognized state value: 'Pen.'
2026-06-08 17:22:19,774 | WARNING |   Unrecognized state value: 'Pen.'
2026-06-08 17:22:19,775 | WARNING |   Unrecognized state value: 'New.'
2026-06-08 17:22:19,775 | WARNING |   Unrecognized state value: 'New.'
2026-06-08 17:22:19,775 | WARNING |   Unrecognized state value: 'Ohi.'
2026-06-08 17:22:19,775 | WARNING |   Unrecognized state value: 'New.'
2026-06-08 17:22:19,775 | WARNING |   Unrecognized state value: 'Ohi.'
2026-06-08 17:22:19,775 | WARNING |   Unrecognized state value: 'Flo.'
2026-06-08 17:22:19,776 | WARNING |   Unrecognized state value: 'Ohi.'
2026-06-08 17:22:19,776 | WARNING |   Unrecognized state value: 'Ohi.'
2026-06-08 17:22:19,776 | WARNING |   Unrecognized state value: 'New.'
2026-06-08 17:22:19,776 | WARNING |   Unrecognized state value: 'Ohi.'
2026-06-08 17:22:19,776 | WARNING |   Unrecognized state value: 'New.'
2026-06-08 17:22:19,778 | WARNING |   Unrecognized state value: 'Ohi.'
2026-06-08 17:22:19,778 | WARNING |   Unrecognized state value: 'Flo.'
2026-06-08 17:22:19,778 | WARNING |   Unrecognized state value: 'Ohi.'
2026-06-08 17:22:19,779 | WARNING |   Unrecognized state value: 'Pen.'
2026-06-08 17:22:19,779 | WARNING |   Unrecognized state value: 'New.'
2026-06-08 17:22:19,779 | WARNING |   Unrecognized state value: 'Pen.'
2026-06-08 17:22:19,780 | WARNING |   Unrecognized state value: 'New.'
2026-06-08 17:22:19,780 | WARNING |   Unrecognized state value: 'Flo.'
2026-06-08 17:22:19,780 | WARNING |   Unrecognized state value: 'Pen.'
2026-06-08 17:22:19,781 | WARNING |   Unrecognized state value: 'Mic.'
2026-06-08 17:22:19,781 | WARNING |   Unrecognized state value: 'Mic.'
2026-06-08 17:22:19,782 | WARNING |   Unrecognized state value: 'Pen.'
2026-06-08 17:22:19,783 | WARNING |   Unrecognized state value: 'Flo.'
2026-06-08 17:22:19,784 | WARNING |   Unrecognized state value: 'Flo.'
2026-06-08 17:22:19,784 | WARNING |   Unrecognized state value: 'Ohi.'
2026-06-08 17:22:19,784 | WARNING |   Unrecognized state value: 'Pen.'
2026-06-08 17:22:19,784 | WARNING |   Unrecognized state value: 'Mic.'
2026-06-08 17:22:19,784 | WARNING |   Unrecognized state value: 'Pen.'
2026-06-08 17:22:19,785 | WARNING |   Unrecognized state value: 'Pen.'
2026-06-08 17:22:19,785 | WARNING |   Unrecognized state value: 'Flo.'
2026-06-08 17:22:19,785 | WARNING |   Unrecognized state value: 'Mic.'
2026-06-08 17:22:19,785 | WARNING |   Unrecognized state value: 'Pen.'
2026-06-08 17:22:19,785 | WARNING |   Unrecognized state value: 'Mic.'
2026-06-08 17:22:19,785 | WARNING |   Unrecognized state value: 'Ohi.'
2026-06-08 17:22:19,786 | WARNING |   Unrecognized state value: 'Pen.'
2026-06-08 17:22:19,786 | WARNING |   Unrecognized state value: 'Flo.'
2026-06-08 17:22:19,787 | WARNING |   Unrecognized state value: 'New.'
2026-06-08 17:22:19,787 | WARNING |   Unrecognized state value: 'Mic.'
2026-06-08 17:22:19,787 | WARNING |   Unrecognized state value: 'Mic.'
2026-06-08 17:22:19,787 | WARNING |   Unrecognized state value: 'Mic.'
2026-06-08 17:22:19,788 | WARNING |   Unrecognized state value: 'Mic.'
2026-06-08 17:22:19,788 | WARNING |   Unrecognized state value: 'Ohi.'
2026-06-08 17:22:19,788 | WARNING |   Unrecognized state value: 'Flo.'
2026-06-08 17:22:19,788 | WARNING |   Unrecognized state value: 'New.'
2026-06-08 17:22:19,789 | WARNING |   Unrecognized state value: 'New.'
2026-06-08 17:22:19,789 | WARNING |   Unrecognized state value: 'Flo.'
2026-06-08 17:22:19,790 | WARNING |   Unrecognized state value: 'Pen.'
2026-06-08 17:22:19,790 | WARNING |   Unrecognized state value: 'New.'
2026-06-08 17:22:19,790 | WARNING |   Unrecognized state value: 'Mic.'
2026-06-08 17:22:19,791 | WARNING |   Unrecognized state value: 'Mic.'
2026-06-08 17:22:20,343 | INFO |   Mapping Vendor B schema...
2026-06-08 17:22:20,870 | INFO |   Mapping Vendor C schema...
2026-06-08 17:22:21,282 | INFO | Combining all vendors into unified dataset...
2026-06-08 17:22:21,301 | INFO |   Combined total: 21,500 rows
2026-06-08 17:22:21,301 | INFO |   Columns: ['record_id', 'first_name', 'last_name', 'address_1', 'address_2', 'city', 'state_code', 'zip5', 'email', 'phone_e164', 'ssn_last4', 'record_source', 'dob_clean', 'dob_flag', 'load_ts']
2026-06-08 17:22:21,302 | INFO | Writing to staging.normalized...
2026-06-08 17:22:44,937 | INFO |   Done.
2026-06-08 17:22:44,967 | INFO | 
2026-06-08 17:22:44,967 | INFO | ============================================================
2026-06-08 17:22:44,967 | INFO | PHASE 3 NORMALIZATION SUMMARY
2026-06-08 17:22:44,967 | INFO | ============================================================
2026-06-08 17:22:44,967 | INFO |   Vendor A records:     8,000
2026-06-08 17:22:44,967 | INFO |   Vendor B records:     7,500
2026-06-08 17:22:44,968 | INFO |   Vendor C records:     6,000
2026-06-08 17:22:44,968 | INFO |   Total normalized:     21,500
2026-06-08 17:22:44,968 | INFO |   DB count verified:    21,500
2026-06-08 17:22:44,968 | INFO |   Count match:          ✓ YES
2026-06-08 17:22:44,968 | INFO | 
2026-06-08 17:22:44,968 | INFO | TRANSFORMATION AUDIT:
2026-06-08 17:22:44,986 | INFO |   Vendor                                     Rule  Affected  Pct %
vendor_a                  Total records processed      8000  100.0
vendor_a  Records with invalid/fake phone removed         1    0.0
vendor_a DOB flagged as INVALID_OLD (before 1900)         1    0.0
vendor_a            DOB flagged as INVALID_FUTURE         0    0.0
vendor_a                          DOB unparseable         0    0.0
vendor_a                    Records missing email       985   12.3
vendor_b                  Total records processed      7500  100.0
vendor_b  Records with invalid/fake phone removed         1    0.0
vendor_b DOB flagged as INVALID_OLD (before 1900)         0    0.0
vendor_b            DOB flagged as INVALID_FUTURE         1    0.0
vendor_b                          DOB unparseable         0    0.0
vendor_b                    Records missing email      1602   21.4
vendor_c                  Total records processed      6000  100.0
vendor_c  Records with invalid/fake phone removed         1    0.0
vendor_c DOB flagged as INVALID_OLD (before 1900)         0    0.0
vendor_c            DOB flagged as INVALID_FUTURE         0    0.0
vendor_c                          DOB unparseable         0    0.0
vendor_c                    Records missing email      1893   31.6
2026-06-08 17:22:44,987 | INFO | ============================================================
2026-06-08 17:22:44,987 | INFO | staging.normalized is ready. Proceed to Phase 4.
2026-06-08 17:22:48,226 | INFO | Operation DataShield — Phase 3: Normalization starting
2026-06-08 17:22:48,226 | INFO | Run timestamp: 2026-06-08 17:22:48
2026-06-08 17:22:48,228 | INFO | Loading raw tables from database...
2026-06-08 17:22:49,314 | INFO |   Vendor A: 8,000 rows
2026-06-08 17:22:49,315 | INFO |   Vendor B: 7,500 rows
2026-06-08 17:22:49,315 | INFO |   Vendor C: 6,000 rows
2026-06-08 17:22:49,317 | INFO | Applying normalization transforms...
2026-06-08 17:22:49,317 | INFO |   Mapping Vendor A schema...
2026-06-08 17:22:49,666 | WARNING |   Unrecognized state value: 'Mic.'
2026-06-08 17:22:49,670 | WARNING |   Unrecognized state value: 'Flo.'
2026-06-08 17:22:49,671 | WARNING |   Unrecognized state value: 'Pen.'
2026-06-08 17:22:49,672 | WARNING |   Unrecognized state value: 'Flo.'
2026-06-08 17:22:49,673 | WARNING |   Unrecognized state value: 'Ohi.'
2026-06-08 17:22:49,674 | WARNING |   Unrecognized state value: 'Ohi.'
2026-06-08 17:22:49,676 | WARNING |   Unrecognized state value: 'New.'
2026-06-08 17:22:49,677 | WARNING |   Unrecognized state value: 'Flo.'
2026-06-08 17:22:49,678 | WARNING |   Unrecognized state value: 'New.'
2026-06-08 17:22:49,679 | WARNING |   Unrecognized state value: 'Mic.'
2026-06-08 17:22:49,681 | WARNING |   Unrecognized state value: 'Pen.'
2026-06-08 17:22:49,682 | WARNING |   Unrecognized state value: 'New.'
2026-06-08 17:22:49,683 | WARNING |   Unrecognized state value: 'Flo.'
2026-06-08 17:22:49,685 | WARNING |   Unrecognized state value: 'New.'
2026-06-08 17:22:49,687 | WARNING |   Unrecognized state value: 'Mic.'
2026-06-08 17:22:49,691 | WARNING |   Unrecognized state value: 'New.'
2026-06-08 17:22:49,692 | WARNING |   Unrecognized state value: 'Pen.'
2026-06-08 17:22:49,692 | WARNING |   Unrecognized state value: 'New.'
2026-06-08 17:22:49,693 | WARNING |   Unrecognized state value: 'Mic.'
2026-06-08 17:22:49,697 | WARNING |   Unrecognized state value: 'New.'
2026-06-08 17:22:49,699 | WARNING |   Unrecognized state value: 'Mic.'
2026-06-08 17:22:49,699 | WARNING |   Unrecognized state value: 'Ohi.'
2026-06-08 17:22:49,700 | WARNING |   Unrecognized state value: 'Ohi.'
2026-06-08 17:22:49,701 | WARNING |   Unrecognized state value: 'Pen.'
2026-06-08 17:22:49,702 | WARNING |   Unrecognized state value: 'Pen.'
2026-06-08 17:22:49,703 | WARNING |   Unrecognized state value: 'Flo.'
2026-06-08 17:22:49,708 | WARNING |   Unrecognized state value: 'Pen.'
2026-06-08 17:22:49,708 | WARNING |   Unrecognized state value: 'Mic.'
2026-06-08 17:22:49,714 | WARNING |   Unrecognized state value: 'Mic.'
2026-06-08 17:22:49,714 | WARNING |   Unrecognized state value: 'Pen.'
2026-06-08 17:22:49,715 | WARNING |   Unrecognized state value: 'New.'
2026-06-08 17:22:49,716 | WARNING |   Unrecognized state value: 'New.'
2026-06-08 17:22:49,716 | WARNING |   Unrecognized state value: 'New.'
2026-06-08 17:22:49,716 | WARNING |   Unrecognized state value: 'New.'
2026-06-08 17:22:49,717 | WARNING |   Unrecognized state value: 'Flo.'
2026-06-08 17:22:49,717 | WARNING |   Unrecognized state value: 'Pen.'
2026-06-08 17:22:49,717 | WARNING |   Unrecognized state value: 'New.'
2026-06-08 17:22:49,717 | WARNING |   Unrecognized state value: 'Flo.'
2026-06-08 17:22:49,717 | WARNING |   Unrecognized state value: 'New.'
2026-06-08 17:22:49,717 | WARNING |   Unrecognized state value: 'Mic.'
2026-06-08 17:22:49,718 | WARNING |   Unrecognized state value: 'Pen.'
2026-06-08 17:22:49,718 | WARNING |   Unrecognized state value: 'Mic.'
2026-06-08 17:22:49,718 | WARNING |   Unrecognized state value: 'Ohi.'
2026-06-08 17:22:49,733 | WARNING |   Unrecognized state value: 'Pen.'
2026-06-08 17:22:49,734 | WARNING |   Unrecognized state value: 'Ohi.'
2026-06-08 17:22:49,735 | WARNING |   Unrecognized state value: 'Ohi.'
2026-06-08 17:22:49,735 | WARNING |   Unrecognized state value: 'Pen.'
2026-06-08 17:22:49,737 | WARNING |   Unrecognized state value: 'Pen.'
2026-06-08 17:22:49,738 | WARNING |   Unrecognized state value: 'Pen.'
2026-06-08 17:22:49,739 | WARNING |   Unrecognized state value: 'Flo.'
2026-06-08 17:22:49,740 | WARNING |   Unrecognized state value: 'Flo.'
2026-06-08 17:22:49,741 | WARNING |   Unrecognized state value: 'Ohi.'
2026-06-08 17:22:49,743 | WARNING |   Unrecognized state value: 'Ohi.'
2026-06-08 17:22:49,745 | WARNING |   Unrecognized state value: 'Flo.'
2026-06-08 17:22:49,748 | WARNING |   Unrecognized state value: 'New.'
2026-06-08 17:22:49,749 | WARNING |   Unrecognized state value: 'Ohi.'
2026-06-08 17:22:49,750 | WARNING |   Unrecognized state value: 'Pen.'
2026-06-08 17:22:49,750 | WARNING |   Unrecognized state value: 'Ohi.'
2026-06-08 17:22:49,752 | WARNING |   Unrecognized state value: 'Pen.'
2026-06-08 17:22:49,753 | WARNING |   Unrecognized state value: 'Flo.'
2026-06-08 17:22:49,755 | WARNING |   Unrecognized state value: 'Mic.'
2026-06-08 17:22:49,755 | WARNING |   Unrecognized state value: 'Ohi.'
2026-06-08 17:22:49,757 | WARNING |   Unrecognized state value: 'Flo.'
2026-06-08 17:22:49,761 | WARNING |   Unrecognized state value: 'New.'
2026-06-08 17:22:49,761 | WARNING |   Unrecognized state value: 'New.'
2026-06-08 17:22:49,764 | WARNING |   Unrecognized state value: 'Mic.'
2026-06-08 17:22:49,764 | WARNING |   Unrecognized state value: 'New.'
2026-06-08 17:22:49,764 | WARNING |   Unrecognized state value: 'New.'
2026-06-08 17:22:49,765 | WARNING |   Unrecognized state value: 'Pen.'
2026-06-08 17:22:49,767 | WARNING |   Unrecognized state value: 'Flo.'
2026-06-08 17:22:49,767 | WARNING |   Unrecognized state value: 'Ohi.'
2026-06-08 17:22:49,767 | WARNING |   Unrecognized state value: 'Pen.'
2026-06-08 17:22:49,769 | WARNING |   Unrecognized state value: 'Flo.'
2026-06-08 17:22:49,770 | WARNING |   Unrecognized state value: 'Flo.'
2026-06-08 17:22:49,770 | WARNING |   Unrecognized state value: 'Ohi.'
2026-06-08 17:22:49,770 | WARNING |   Unrecognized state value: 'Pen.'
2026-06-08 17:22:49,771 | WARNING |   Unrecognized state value: 'New.'
2026-06-08 17:22:49,772 | WARNING |   Unrecognized state value: 'New.'
2026-06-08 17:22:49,773 | WARNING |   Unrecognized state value: 'Ohi.'
2026-06-08 17:22:49,775 | WARNING |   Unrecognized state value: 'Ohi.'
2026-06-08 17:22:49,775 | WARNING |   Unrecognized state value: 'Ohi.'
2026-06-08 17:22:49,776 | WARNING |   Unrecognized state value: 'New.'
2026-06-08 17:22:49,779 | WARNING |   Unrecognized state value: 'Pen.'
2026-06-08 17:22:49,781 | WARNING |   Unrecognized state value: 'New.'
2026-06-08 17:22:49,782 | WARNING |   Unrecognized state value: 'Ohi.'
2026-06-08 17:22:49,784 | WARNING |   Unrecognized state value: 'Pen.'
2026-06-08 17:22:49,784 | WARNING |   Unrecognized state value: 'New.'
2026-06-08 17:22:49,786 | WARNING |   Unrecognized state value: 'Ohi.'
2026-06-08 17:22:49,787 | WARNING |   Unrecognized state value: 'New.'
2026-06-08 17:22:49,788 | WARNING |   Unrecognized state value: 'New.'
2026-06-08 17:22:49,789 | WARNING |   Unrecognized state value: 'Pen.'
2026-06-08 17:22:49,791 | WARNING |   Unrecognized state value: 'New.'
2026-06-08 17:22:49,791 | WARNING |   Unrecognized state value: 'Flo.'
2026-06-08 17:22:49,793 | WARNING |   Unrecognized state value: 'Ohi.'
2026-06-08 17:22:49,794 | WARNING |   Unrecognized state value: 'Pen.'
2026-06-08 17:22:49,795 | WARNING |   Unrecognized state value: 'Ohi.'
2026-06-08 17:22:49,796 | WARNING |   Unrecognized state value: 'Ohi.'
2026-06-08 17:22:49,797 | WARNING |   Unrecognized state value: 'Mic.'
2026-06-08 17:22:49,798 | WARNING |   Unrecognized state value: 'Flo.'
2026-06-08 17:22:49,799 | WARNING |   Unrecognized state value: 'Ohi.'
2026-06-08 17:22:49,799 | WARNING |   Unrecognized state value: 'Ohi.'
2026-06-08 17:22:49,800 | WARNING |   Unrecognized state value: 'Pen.'
2026-06-08 17:22:49,800 | WARNING |   Unrecognized state value: 'Mic.'
2026-06-08 17:22:49,801 | WARNING |   Unrecognized state value: 'Ohi.'
2026-06-08 17:22:49,802 | WARNING |   Unrecognized state value: 'Pen.'
2026-06-08 17:22:49,803 | WARNING |   Unrecognized state value: 'Ohi.'
2026-06-08 17:22:49,803 | WARNING |   Unrecognized state value: 'Ohi.'
2026-06-08 17:22:49,804 | WARNING |   Unrecognized state value: 'New.'
2026-06-08 17:22:49,805 | WARNING |   Unrecognized state value: 'Flo.'
2026-06-08 17:22:49,806 | WARNING |   Unrecognized state value: 'Mic.'
2026-06-08 17:22:49,807 | WARNING |   Unrecognized state value: 'Ohi.'
2026-06-08 17:22:49,808 | WARNING |   Unrecognized state value: 'New.'
2026-06-08 17:22:49,809 | WARNING |   Unrecognized state value: 'Pen.'
2026-06-08 17:22:49,809 | WARNING |   Unrecognized state value: 'Ohi.'
2026-06-08 17:22:49,809 | WARNING |   Unrecognized state value: 'Mic.'
2026-06-08 17:22:49,814 | WARNING |   Unrecognized state value: 'Pen.'
2026-06-08 17:22:49,814 | WARNING |   Unrecognized state value: 'Pen.'
2026-06-08 17:22:49,816 | WARNING |   Unrecognized state value: 'Pen.'
2026-06-08 17:22:49,816 | WARNING |   Unrecognized state value: 'New.'
2026-06-08 17:22:49,817 | WARNING |   Unrecognized state value: 'Mic.'
2026-06-08 17:22:49,818 | WARNING |   Unrecognized state value: 'Mic.'
2026-06-08 17:22:49,819 | WARNING |   Unrecognized state value: 'New.'
2026-06-08 17:22:49,820 | WARNING |   Unrecognized state value: 'New.'
2026-06-08 17:22:49,821 | WARNING |   Unrecognized state value: 'Ohi.'
2026-06-08 17:22:49,821 | WARNING |   Unrecognized state value: 'Pen.'
2026-06-08 17:22:49,823 | WARNING |   Unrecognized state value: 'New.'
2026-06-08 17:22:49,823 | WARNING |   Unrecognized state value: 'Mic.'
2026-06-08 17:22:49,824 | WARNING |   Unrecognized state value: 'Flo.'
2026-06-08 17:22:49,825 | WARNING |   Unrecognized state value: 'Ohi.'
2026-06-08 17:22:49,826 | WARNING |   Unrecognized state value: 'Ohi.'
2026-06-08 17:22:49,827 | WARNING |   Unrecognized state value: 'New.'
2026-06-08 17:22:49,827 | WARNING |   Unrecognized state value: 'Mic.'
2026-06-08 17:22:49,828 | WARNING |   Unrecognized state value: 'Ohi.'
2026-06-08 17:22:49,829 | WARNING |   Unrecognized state value: 'Flo.'
2026-06-08 17:22:49,830 | WARNING |   Unrecognized state value: 'New.'
2026-06-08 17:22:49,831 | WARNING |   Unrecognized state value: 'Pen.'
2026-06-08 17:22:49,831 | WARNING |   Unrecognized state value: 'Ohi.'
2026-06-08 17:22:49,832 | WARNING |   Unrecognized state value: 'Pen.'
2026-06-08 17:22:49,833 | WARNING |   Unrecognized state value: 'Pen.'
2026-06-08 17:22:49,833 | WARNING |   Unrecognized state value: 'Ohi.'
2026-06-08 17:22:49,834 | WARNING |   Unrecognized state value: 'Ohi.'
2026-06-08 17:22:49,835 | WARNING |   Unrecognized state value: 'Ohi.'
2026-06-08 17:22:49,835 | WARNING |   Unrecognized state value: 'Mic.'
2026-06-08 17:22:49,836 | WARNING |   Unrecognized state value: 'New.'
2026-06-08 17:22:49,837 | WARNING |   Unrecognized state value: 'New.'
2026-06-08 17:22:49,838 | WARNING |   Unrecognized state value: 'Ohi.'
2026-06-08 17:22:49,838 | WARNING |   Unrecognized state value: 'Flo.'
2026-06-08 17:22:49,839 | WARNING |   Unrecognized state value: 'Ohi.'
2026-06-08 17:22:49,840 | WARNING |   Unrecognized state value: 'Flo.'
2026-06-08 17:22:49,840 | WARNING |   Unrecognized state value: 'Pen.'
2026-06-08 17:22:49,840 | WARNING |   Unrecognized state value: 'Pen.'
2026-06-08 17:22:49,841 | WARNING |   Unrecognized state value: 'New.'
2026-06-08 17:22:49,842 | WARNING |   Unrecognized state value: 'New.'
2026-06-08 17:22:49,843 | WARNING |   Unrecognized state value: 'Ohi.'
2026-06-08 17:22:49,843 | WARNING |   Unrecognized state value: 'New.'
2026-06-08 17:22:49,844 | WARNING |   Unrecognized state value: 'Ohi.'
2026-06-08 17:22:49,844 | WARNING |   Unrecognized state value: 'Flo.'
2026-06-08 17:22:49,846 | WARNING |   Unrecognized state value: 'Ohi.'
2026-06-08 17:22:49,847 | WARNING |   Unrecognized state value: 'Ohi.'
2026-06-08 17:22:49,848 | WARNING |   Unrecognized state value: 'New.'
2026-06-08 17:22:49,849 | WARNING |   Unrecognized state value: 'Ohi.'
2026-06-08 17:22:49,849 | WARNING |   Unrecognized state value: 'New.'
2026-06-08 17:22:49,851 | WARNING |   Unrecognized state value: 'Ohi.'
2026-06-08 17:22:49,851 | WARNING |   Unrecognized state value: 'Flo.'
2026-06-08 17:22:49,852 | WARNING |   Unrecognized state value: 'Ohi.'
2026-06-08 17:22:49,853 | WARNING |   Unrecognized state value: 'Pen.'
2026-06-08 17:22:49,853 | WARNING |   Unrecognized state value: 'New.'
2026-06-08 17:22:49,854 | WARNING |   Unrecognized state value: 'Pen.'
2026-06-08 17:22:49,855 | WARNING |   Unrecognized state value: 'New.'
2026-06-08 17:22:49,855 | WARNING |   Unrecognized state value: 'Flo.'
2026-06-08 17:22:49,856 | WARNING |   Unrecognized state value: 'Pen.'
2026-06-08 17:22:49,857 | WARNING |   Unrecognized state value: 'Mic.'
2026-06-08 17:22:49,858 | WARNING |   Unrecognized state value: 'Mic.'
2026-06-08 17:22:49,858 | WARNING |   Unrecognized state value: 'Pen.'
2026-06-08 17:22:49,859 | WARNING |   Unrecognized state value: 'Flo.'
2026-06-08 17:22:49,860 | WARNING |   Unrecognized state value: 'Flo.'
2026-06-08 17:22:49,860 | WARNING |   Unrecognized state value: 'Ohi.'
2026-06-08 17:22:49,861 | WARNING |   Unrecognized state value: 'Pen.'
2026-06-08 17:22:49,862 | WARNING |   Unrecognized state value: 'Mic.'
2026-06-08 17:22:49,863 | WARNING |   Unrecognized state value: 'Pen.'
2026-06-08 17:22:49,864 | WARNING |   Unrecognized state value: 'Pen.'
2026-06-08 17:22:49,866 | WARNING |   Unrecognized state value: 'Flo.'
2026-06-08 17:22:49,867 | WARNING |   Unrecognized state value: 'Mic.'
2026-06-08 17:22:49,868 | WARNING |   Unrecognized state value: 'Pen.'
2026-06-08 17:22:49,869 | WARNING |   Unrecognized state value: 'Mic.'
2026-06-08 17:22:49,869 | WARNING |   Unrecognized state value: 'Ohi.'
2026-06-08 17:22:49,870 | WARNING |   Unrecognized state value: 'Pen.'
2026-06-08 17:22:49,870 | WARNING |   Unrecognized state value: 'Flo.'
2026-06-08 17:22:49,871 | WARNING |   Unrecognized state value: 'New.'
2026-06-08 17:22:49,873 | WARNING |   Unrecognized state value: 'Mic.'
2026-06-08 17:22:49,873 | WARNING |   Unrecognized state value: 'Mic.'
2026-06-08 17:22:49,873 | WARNING |   Unrecognized state value: 'Mic.'
2026-06-08 17:22:49,874 | WARNING |   Unrecognized state value: 'Mic.'
2026-06-08 17:22:49,874 | WARNING |   Unrecognized state value: 'Ohi.'
2026-06-08 17:22:49,874 | WARNING |   Unrecognized state value: 'Flo.'
2026-06-08 17:22:49,874 | WARNING |   Unrecognized state value: 'New.'
2026-06-08 17:22:49,875 | WARNING |   Unrecognized state value: 'New.'
2026-06-08 17:22:49,875 | WARNING |   Unrecognized state value: 'Flo.'
2026-06-08 17:22:49,884 | WARNING |   Unrecognized state value: 'Pen.'
2026-06-08 17:22:49,886 | WARNING |   Unrecognized state value: 'New.'
2026-06-08 17:22:49,887 | WARNING |   Unrecognized state value: 'Mic.'
2026-06-08 17:22:49,892 | WARNING |   Unrecognized state value: 'Mic.'
2026-06-08 17:22:50,843 | INFO |   Mapping Vendor B schema...
2026-06-08 17:22:51,743 | INFO |   Mapping Vendor C schema...
2026-06-08 17:22:52,484 | INFO | Combining all vendors into unified dataset...
2026-06-08 17:22:52,518 | INFO |   Combined total: 21,500 rows
2026-06-08 17:22:52,519 | INFO |   Columns: ['record_id', 'first_name', 'last_name', 'address_1', 'address_2', 'city', 'state_code', 'zip5', 'email', 'phone_e164', 'ssn_last4', 'record_source', 'dob_clean', 'dob_flag', 'load_ts']
2026-06-08 17:22:52,520 | INFO | Writing to staging.normalized...
2026-06-08 17:23:17,113 | INFO |   Done.
2026-06-08 17:23:17,120 | INFO | 
2026-06-08 17:23:17,120 | INFO | ============================================================
2026-06-08 17:23:17,121 | INFO | PHASE 3 NORMALIZATION SUMMARY
2026-06-08 17:23:17,121 | INFO | ============================================================
2026-06-08 17:23:17,121 | INFO |   Vendor A records:     8,000
2026-06-08 17:23:17,122 | INFO |   Vendor B records:     7,500
2026-06-08 17:23:17,122 | INFO |   Vendor C records:     6,000
2026-06-08 17:23:17,122 | INFO |   Total normalized:     21,500
2026-06-08 17:23:17,122 | INFO |   DB count verified:    21,500
2026-06-08 17:23:17,122 | INFO |   Count match:          ✓ YES
2026-06-08 17:23:17,122 | INFO | 
2026-06-08 17:23:17,123 | INFO | TRANSFORMATION AUDIT:
2026-06-08 17:23:17,132 | INFO |   Vendor                                     Rule  Affected  Pct %
vendor_a                  Total records processed      8000  100.0
vendor_a  Records with invalid/fake phone removed         1    0.0
vendor_a DOB flagged as INVALID_OLD (before 1900)         1    0.0
vendor_a            DOB flagged as INVALID_FUTURE         0    0.0
vendor_a                          DOB unparseable         0    0.0
vendor_a                    Records missing email       985   12.3
vendor_b                  Total records processed      7500  100.0
vendor_b  Records with invalid/fake phone removed         1    0.0
vendor_b DOB flagged as INVALID_OLD (before 1900)         0    0.0
vendor_b            DOB flagged as INVALID_FUTURE         1    0.0
vendor_b                          DOB unparseable         0    0.0
vendor_b                    Records missing email      1602   21.4
vendor_c                  Total records processed      6000  100.0
vendor_c  Records with invalid/fake phone removed         1    0.0
vendor_c DOB flagged as INVALID_OLD (before 1900)         0    0.0
vendor_c            DOB flagged as INVALID_FUTURE         0    0.0
vendor_c                          DOB unparseable         0    0.0
vendor_c                    Records missing email      1893   31.6
2026-06-08 17:23:17,133 | INFO | ============================================================
2026-06-08 17:23:17,133 | INFO | staging.normalized is ready. Proceed to Phase 4.
