2026-06-09 00:04:04,017 | INFO | Operation DataShield — Phase 7: Report Generation
2026-06-09 00:04:04,017 | INFO | Run timestamp: 2026-06-09 00:04:04
2026-06-09 00:04:04,018 | INFO | SLA: 59 days remaining
2026-06-09 00:04:04,018 | INFO | Loading data from database...
2026-06-09 00:04:05,042 | INFO |   notification_ready: 14,486
2026-06-09 00:04:05,042 | INFO |   exceptions:         22
2026-06-09 00:04:05,043 | INFO | Building Excel report...
2026-06-09 00:04:05,171 | INFO |   Building Executive Summary...
2026-06-09 00:04:05,324 | INFO |   Building Volume by State...
2026-06-09 00:04:05,724 | INFO |   Building Volume by Source...
2026-06-09 00:04:05,742 | INFO |   Building Exception Detail...
2026-06-09 00:04:05,969 | INFO |   Building Pipeline Audit...
2026-06-09 00:04:06,179 | INFO | 
2026-06-09 00:04:06,179 | INFO | ============================================================
2026-06-09 00:04:06,180 | INFO | PHASE 7 COMPLETE — CLIENT REPORT GENERATED
2026-06-09 00:04:06,181 | INFO | ============================================================
2026-06-09 00:04:06,181 | INFO |   Report:        output/DataShield_Client_Report_2026-06-09.xlsx
2026-06-09 00:04:06,182 | INFO |   File size:     12.8 KB
2026-06-09 00:04:06,182 | INFO |   Sheets:        5
2026-06-09 00:04:06,183 | INFO |   SLA status:    59 days remaining
2026-06-09 00:04:06,184 | INFO | 
2026-06-09 00:04:06,184 | INFO |   FINAL PROJECT SUMMARY:
2026-06-09 00:04:06,185 | INFO |   Raw records received:    21,500
2026-06-09 00:04:06,186 | INFO |   Unique individuals:      14,508
2026-06-09 00:04:06,186 | INFO |   Notification ready:      14,486
2026-06-09 00:04:06,186 | INFO |   Exceptions escalated:    22
2026-06-09 00:04:06,186 | INFO |   Vendor files generated:  4
2026-06-09 00:04:06,186 | INFO | ============================================================
2026-06-09 00:04:06,186 | INFO | Operation DataShield pipeline complete.
