2026-06-08 13:36:16,715 | INFO | Operation DataShield — Phase 2: Profiling starting
2026-06-08 13:36:16,715 | INFO | Run timestamp: 2026-06-08 13:36:16
2026-06-08 13:36:16,715 | INFO | Loading raw.vendor_a from database...
2026-06-08 13:36:17,160 | INFO |   Loaded 8,000 rows, 11 columns
2026-06-08 13:36:17,160 | INFO | Loading raw.vendor_b from database...
2026-06-08 13:36:17,291 | INFO |   Loaded 7,500 rows, 11 columns
2026-06-08 13:36:17,292 | INFO | Loading raw.vendor_c from database...
2026-06-08 13:36:17,412 | INFO |   Loaded 6,000 rows, 15 columns
2026-06-08 13:36:17,413 | INFO | Profiling vendor_a...
2026-06-08 13:36:17,674 | INFO |   vendor_a: 11 columns profiled
2026-06-08 13:36:17,675 | INFO | Profiling vendor_b...
2026-06-08 13:36:17,824 | INFO |   vendor_b: 11 columns profiled
2026-06-08 13:36:17,824 | INFO | Profiling vendor_c...
2026-06-08 13:36:17,982 | INFO |   vendor_c: 15 columns profiled
2026-06-08 13:36:17,982 | INFO | Running date format analysis...
2026-06-08 13:36:17,983 | INFO |   Detecting date formats in vendor_a.DATE_OF_BIRTH...
2026-06-08 13:36:22,385 | INFO |   Detecting date formats in vendor_b.birthdate...
2026-06-08 13:36:26,171 | INFO |   Detecting date formats in vendor_c.DOB...
2026-06-08 13:36:29,167 | INFO | Running phone format analysis...
2026-06-08 13:36:29,167 | INFO |   Detecting phone formats in vendor_a.PHONE_NUMBER...
2026-06-08 13:36:29,233 | INFO |   Detecting phone formats in vendor_b.contact_phone...
2026-06-08 13:36:29,290 | INFO |   Detecting phone formats in vendor_c.PrimaryPhone...
2026-06-08 13:36:29,342 | INFO | Estimating duplicates per vendor...
2026-06-08 13:36:29,423 | INFO |   vendor_a: 0 full dupes, 40 email dupes, 0 phone dupes
2026-06-08 13:36:29,495 | INFO |   vendor_b: 0 full dupes, 20 email dupes, 0 phone dupes
2026-06-08 13:36:29,586 | INFO |   vendor_c: 0 full dupes, 12 email dupes, 0 phone dupes
2026-06-08 13:36:29,618 | INFO | Writing quality report to data_quality_report.xlsx...
2026-06-08 13:36:29,902 | INFO | Report saved: data_quality_report.xlsx
2026-06-08 13:36:29,902 | INFO | 
2026-06-08 13:36:29,902 | INFO | ============================================================
2026-06-08 13:36:29,903 | INFO | PHASE 2 COMPLETE
2026-06-08 13:36:29,903 | INFO | ============================================================
2026-06-08 13:36:29,904 | INFO | Output: data_quality_report.xlsx
2026-06-08 13:36:29,906 | INFO | Open the Excel file to review all quality findings.
2026-06-08 13:36:29,906 | INFO | This report should be reviewed before Phase 3 begins.
2026-06-08 13:36:29,907 | INFO | ============================================================
